// Jest Snapshot v1, https://goo.gl/fbAQLP

exports[`snapshot testing 1`] = `
Object {
  "asFragment": [Function],
  "baseElement": <body>
    <div>
      <div
        class="App"
      >
        <img
          alt="AI generated Image"
          height="200px"
          src="https://cdn.siasat.com/wp-content/uploads/2023/05/RK-AI-780x470.jpg"
        />
        <br />
        <p>
          let's code
        </p>
        <br />
        <input
          id="userId"
          name="Username"
          placeholder="enter username"
          type="text"
        />
        <br />
        Click me
         
        <button>
          update Code
        </button>
        <br />
        <h2 />
      </div>
    </div>
  </body>,
  "container": <div>
    <div
      class="App"
    >
      <img
        alt="AI generated Image"
        height="200px"
        src="https://cdn.siasat.com/wp-content/uploads/2023/05/RK-AI-780x470.jpg"
      />
      <br />
      <p>
        let's code
      </p>
      <br />
      <input
        id="userId"
        name="Username"
        placeholder="enter username"
        type="text"
      />
      <br />
      Click me
       
      <button>
        update Code
      </button>
      <br />
      <h2 />
    </div>
  </div>,
  "debug": [Function],
  "findAllByAltText": [Function],
  "findAllByDisplayValue": [Function],
  "findAllByLabelText": [Function],
  "findAllByPlaceholderText": [Function],
  "findAllByRole": [Function],
  "findAllByTestId": [Function],
  "findAllByText": [Function],
  "findAllByTitle": [Function],
  "findByAltText": [Function],
  "findByDisplayValue": [Function],
  "findByLabelText": [Function],
  "findByPlaceholderText": [Function],
  "findByRole": [Function],
  "findByTestId": [Function],
  "findByText": [Function],
  "findByTitle": [Function],
  "getAllByAltText": [Function],
  "getAllByDisplayValue": [Function],
  "getAllByLabelText": [Function],
  "getAllByPlaceholderText": [Function],
  "getAllByRole": [Function],
  "getAllByTestId": [Function],
  "getAllByText": [Function],
  "getAllByTitle": [Function],
  "getByAltText": [Function],
  "getByDisplayValue": [Function],
  "getByLabelText": [Function],
  "getByPlaceholderText": [Function],
  "getByRole": [Function],
  "getByTestId": [Function],
  "getByText": [Function],
  "getByTitle": [Function],
  "queryAllByAltText": [Function],
  "queryAllByDisplayValue": [Function],
  "queryAllByLabelText": [Function],
  "queryAllByPlaceholderText": [Function],
  "queryAllByRole": [Function],
  "queryAllByTestId": [Function],
  "queryAllByText": [Function],
  "queryAllByTitle": [Function],
  "queryByAltText": [Function],
  "queryByDisplayValue": [Function],
  "queryByLabelText": [Function],
  "queryByPlaceholderText": [Function],
  "queryByRole": [Function],
  "queryByTestId": [Function],
  "queryByText": [Function],
  "queryByTitle": [Function],
  "rerender": [Function],
  "unmount": [Function],
}
`;
